# Logfile created on 2026-08-01 01:43:42 -0700 by logger.rb/v1.6.0
2026-08-01 01:43:42 -0700: Memory Usage (623804K) : Starting running IHP-SG13G2 Klayout DRC Density runset on 
2026-08-01 01:43:42 -0700: Memory Usage (623804K) : Ruby Version for klayout: 3.3.10
2026-08-01 01:43:42 -0700: Memory Usage (623804K) : Loading database to memory is complete.
2026-08-01 01:43:42 -0700: Memory Usage (623804K) : IHP-SG13G2 Klayout DRC Density runset output at: /scratch/funphin-openlane_svm/fill_work/window_density.lyrdb
2026-08-01 01:43:42 -0700: Memory Usage (623804K) : Evaluate switches.
2026-08-01 01:43:42 -0700: Memory Usage (623804K) : KLayout will use 8 thread(s) in tiling mode.
2026-08-01 01:43:42 -0700: Memory Usage (623804K) : Deep mode enabled: reading layers and preparing general derivations.
2026-08-01 01:43:42 -0700: Memory Usage (623804K) : PreCheck DRC enabled: false
2026-08-01 01:43:42 -0700: Memory Usage (623804K) : Read in polygons from layers.
2026-08-01 01:43:42 -0700: Memory Usage (656060K) : activ_drw has 986629 polygons
2026-08-01 01:43:42 -0700: Memory Usage (656060K) : activ_mask has 0 polygons
2026-08-01 01:43:42 -0700: Memory Usage (656060K) : activ_filler has 57621 polygons
2026-08-01 01:43:42 -0700: Memory Usage (656060K) : gatpoly_drw has 970501 polygons
2026-08-01 01:43:43 -0700: Memory Usage (656060K) : gatpoly_filler has 57621 polygons
2026-08-01 01:43:43 -0700: Memory Usage (664252K) : metal1_drw has 1925067 polygons
2026-08-01 01:43:43 -0700: Memory Usage (664252K) : metal1_filler has 142299 polygons
2026-08-01 01:43:43 -0700: Memory Usage (664252K) : metal1_slit has 0 polygons
2026-08-01 01:43:44 -0700: Memory Usage (671420K) : metal2_drw has 469315 polygons
2026-08-01 01:43:44 -0700: Memory Usage (671420K) : metal2_filler has 313979 polygons
2026-08-01 01:43:44 -0700: Memory Usage (671420K) : metal2_slit has 0 polygons
2026-08-01 01:43:45 -0700: Memory Usage (671420K) : metal3_drw has 241914 polygons
2026-08-01 01:43:45 -0700: Memory Usage (671420K) : metal3_filler has 425706 polygons
2026-08-01 01:43:45 -0700: Memory Usage (671420K) : metal3_slit has 0 polygons
2026-08-01 01:43:45 -0700: Memory Usage (671420K) : metal4_drw has 69158 polygons
2026-08-01 01:43:45 -0700: Memory Usage (671420K) : metal4_filler has 600536 polygons
2026-08-01 01:43:45 -0700: Memory Usage (671420K) : metal4_slit has 0 polygons
2026-08-01 01:43:46 -0700: Memory Usage (671420K) : metal5_drw has 35113 polygons
2026-08-01 01:43:46 -0700: Memory Usage (671420K) : metal5_filler has 618172 polygons
2026-08-01 01:43:46 -0700: Memory Usage (671420K) : metal5_slit has 0 polygons
2026-08-01 01:43:46 -0700: Memory Usage (671420K) : topmetal1_drw has 7645 polygons
2026-08-01 01:43:46 -0700: Memory Usage (671420K) : topmetal1_filler has 19564 polygons
2026-08-01 01:43:46 -0700: Memory Usage (671420K) : topmetal1_slit has 0 polygons
2026-08-01 01:43:46 -0700: Memory Usage (671420K) : topmetal2_drw has 3632 polygons
2026-08-01 01:43:47 -0700: Memory Usage (671420K) : topmetal2_filler has 18215 polygons
2026-08-01 01:43:47 -0700: Memory Usage (671420K) : topmetal2_slit has 0 polygons
2026-08-01 01:43:47 -0700: Memory Usage (671420K) : lbe_drw has 0 polygons
2026-08-01 01:43:47 -0700: Memory Usage (671420K) : Loaded TECH DRC rules values from /home/funphin/.ciel/ciel/ihp-sg13g2/versions/c4b8b4e5e7a05f375cca3815d51b3a37721fbf5c/ihp-sg13g2/libs.tech/klayout/python/sg13g2_pycell_lib/sg13g2_tech_mod.json
2026-08-01 01:43:47 -0700: Memory Usage (671420K) : Loaded default DRC rules values from /home/funphin/.ciel/ciel/ihp-sg13g2/versions/c4b8b4e5e7a05f375cca3815d51b3a37721fbf5c/ihp-sg13g2/libs.tech/klayout/tech/drc/rule_decks/sg13g2_tech_default.json
2026-08-01 01:43:47 -0700: Memory Usage (671420K) : The following rules values were missing in tech json and default values were used:
2026-08-01 01:43:47 -0700: Memory Usage (671420K) :   - Cnt_c_digibnd
2026-08-01 01:43:47 -0700: Memory Usage (667052K) : Total area of the design is 5760000.0 um^2.
2026-08-01 01:43:47 -0700: Memory Usage (667052K) : Starting density IHP-SG13G2 derivations.
2026-08-01 01:43:51 -0700: Memory Usage (700332K) : Starting IHP-SG13G2 DENSITY DRC rules.
2026-08-01 01:43:51 -0700: Memory Usage (700332K) : Tiling mode enabled: executing rules with chip tiling applied.
2026-08-01 01:43:51 -0700: Memory Usage (700332K) : Computing activ area and density...
2026-08-01 01:43:51 -0700: Memory Usage (840384K) : Executing rule AFil.g
2026-08-01 01:43:51 -0700: Memory Usage (817412K) : Executing rule AFil.g1
2026-08-01 01:43:51 -0700: Memory Usage (817412K) : Executing rule AFil.g2
2026-08-01 01:43:54 -0700: Memory Usage (1095120K) : Executing rule AFil.g3
2026-08-01 01:43:56 -0700: Memory Usage (1146740K) : Computing poly area and density...
2026-08-01 01:43:57 -0700: Memory Usage (1146740K) : Executing rule GFil.g
2026-08-01 01:43:57 -0700: Memory Usage (1146740K) : Computing metal1 area and density...
2026-08-01 01:43:59 -0700: Memory Usage (1188428K) : Executing rule M1.j
2026-08-01 01:43:59 -0700: Memory Usage (1188428K) : Executing rule M1.k
2026-08-01 01:43:59 -0700: Memory Usage (1188428K) : Computing metal2 area and density...
2026-08-01 01:44:00 -0700: Memory Usage (1172000K) : Computing metal3 area and density...
2026-08-01 01:44:00 -0700: Memory Usage (1172000K) : Computing metal4 area and density...
2026-08-01 01:44:01 -0700: Memory Usage (1172000K) : Computing metal5 area and density...
2026-08-01 01:44:01 -0700: Memory Usage (1172000K) : Executing rule M2.j
2026-08-01 01:44:01 -0700: Memory Usage (1172000K) : Executing rule M2.k
2026-08-01 01:44:01 -0700: Memory Usage (1172000K) : Executing rule M3.j
2026-08-01 01:44:01 -0700: Memory Usage (1172000K) : Executing rule M3.k
2026-08-01 01:44:01 -0700: Memory Usage (1172000K) : Executing rule M4.j
2026-08-01 01:44:01 -0700: Memory Usage (1172000K) : Executing rule M4.k
2026-08-01 01:44:01 -0700: Memory Usage (1172000K) : Executing rule M5.j
2026-08-01 01:44:01 -0700: Memory Usage (1172000K) : Executing rule M5.k
2026-08-01 01:44:01 -0700: Memory Usage (1172000K) : Executing rule M1Fil.h
2026-08-01 01:44:09 -0700: Memory Usage (1079616K) : Executing rule M1Fil.k
2026-08-01 01:44:16 -0700: Memory Usage (1078556K) : Executing rule M2Fil.h
2026-08-01 01:44:19 -0700: Memory Usage (1203536K) : Executing rule M2Fil.k
2026-08-01 01:44:21 -0700: Memory Usage (1230200K) : Executing rule M3Fil.h
2026-08-01 01:44:23 -0700: Memory Usage (1230200K) : Executing rule M3Fil.k
2026-08-01 01:44:24 -0700: Memory Usage (1232760K) : Executing rule M4Fil.h
2026-08-01 01:44:26 -0700: Memory Usage (1232760K) : Executing rule M4Fil.k
2026-08-01 01:44:28 -0700: Memory Usage (1232760K) : Executing rule M5Fil.h
2026-08-01 01:44:29 -0700: Memory Usage (1232760K) : Executing rule M5Fil.k
2026-08-01 01:44:31 -0700: Memory Usage (1166428K) : Computing TopMetal1 area and density...
2026-08-01 01:44:31 -0700: Memory Usage (1166428K) : Executing rule TM1.c
2026-08-01 01:44:31 -0700: Memory Usage (1166428K) : Executing rule TM1.d
2026-08-01 01:44:31 -0700: Memory Usage (1166428K) : Computing TopMetal2 area and density...
2026-08-01 01:44:31 -0700: Memory Usage (1166428K) : Executing rule TM2.c
2026-08-01 01:44:31 -0700: Memory Usage (1166428K) : Executing rule TM2.d
2026-08-01 01:44:31 -0700: Memory Usage (1166428K) : Computing LBE area and density...
2026-08-01 01:44:31 -0700: Memory Usage (1166428K) : Executing rule LBE.i
2026-08-01 01:44:31 -0700: Memory Usage (1166428K) : Executing rule Slt.i_M1
2026-08-01 01:44:39 -0700: Memory Usage (1133140K) : Executing rule Slt.i_M2
2026-08-01 01:44:41 -0700: Memory Usage (1085208K) : Executing rule Slt.i_M3
2026-08-01 01:44:41 -0700: Memory Usage (1094936K) : Executing rule Slt.i_M4
2026-08-01 01:44:42 -0700: Memory Usage (1094936K) : Executing rule Slt.i_M5
2026-08-01 01:44:42 -0700: Memory Usage (1094936K) : Executing rule Slt.i_TM1
2026-08-01 01:44:42 -0700: Memory Usage (1094936K) : Executing rule Slt.i_TM2
2026-08-01 01:44:42 -0700: Memory Usage (1094936K) : ##################################################
2026-08-01 01:44:42 -0700: Memory Usage (1094936K) :                  Density Report                 #
2026-08-01 01:44:42 -0700: Memory Usage (1094936K) : ##################################################
2026-08-01 01:44:42 -0700: Memory Usage (1094936K) : 
2026-08-01 01:44:42 -0700: Memory Usage (1094936K) : Layer areas and percentages (units: um^2)
2026-08-01 01:44:42 -0700: Memory Usage (1094936K) : --------------------------------------------------
2026-08-01 01:44:42 -0700: Memory Usage (1094936K) : 
2026-08-01 01:44:42 -0700: Memory Usage (1094936K) : Total Area     = 5760000.00 um^2
2026-08-01 01:44:42 -0700: Memory Usage (1094936K) : 
2026-08-01 01:44:42 -0700: Memory Usage (1094936K) : Activ      Area      = 2625838.07 µm²
2026-08-01 01:44:42 -0700: Memory Usage (1094936K) : Activ      Density % = 45.59%  [Min = 35.00%,  Max = 55.00%]
2026-08-01 01:44:42 -0700: Memory Usage (1094936K) : 
2026-08-01 01:44:42 -0700: Memory Usage (1094936K) : GatPoly    Area      = 1110351.09 µm²
2026-08-01 01:44:42 -0700: Memory Usage (1094936K) : GatPoly    Density % = 19.28%  [Min = 15.00%]
2026-08-01 01:44:42 -0700: Memory Usage (1094936K) : 
2026-08-01 01:44:42 -0700: Memory Usage (1094936K) : Metal1     Area      = 2779033.32 µm²
2026-08-01 01:44:42 -0700: Memory Usage (1094936K) : Metal1     Density % = 48.25%  [Min = 35.00%,  Max = 60.00%]
2026-08-01 01:44:42 -0700: Memory Usage (1094936K) : 
2026-08-01 01:44:42 -0700: Memory Usage (1094936K) : Metal2     Area      = 2057494.01 µm²
2026-08-01 01:44:42 -0700: Memory Usage (1094936K) : Metal2     Density % = 35.72%  [Min = 35.00%,  Max = 60.00%]
2026-08-01 01:44:42 -0700: Memory Usage (1094936K) : 
2026-08-01 01:44:42 -0700: Memory Usage (1094936K) : Metal3     Area      = 2625761.49 µm²
2026-08-01 01:44:42 -0700: Memory Usage (1094936K) : Metal3     Density % = 45.59%  [Min = 35.00%,  Max = 60.00%]
2026-08-01 01:44:42 -0700: Memory Usage (1094936K) : 
2026-08-01 01:44:42 -0700: Memory Usage (1094936K) : Metal4     Area      = 2679155.33 µm²
2026-08-01 01:44:42 -0700: Memory Usage (1094936K) : Metal4     Density % = 46.51%  [Min = 35.00%,  Max = 60.00%]
2026-08-01 01:44:42 -0700: Memory Usage (1094936K) : 
2026-08-01 01:44:42 -0700: Memory Usage (1094936K) : Metal5     Area      = 2783967.84 µm²
2026-08-01 01:44:42 -0700: Memory Usage (1094936K) : Metal5     Density % = 48.33%  [Min = 35.00%,  Max = 60.00%]
2026-08-01 01:44:42 -0700: Memory Usage (1094936K) : 
2026-08-01 01:44:42 -0700: Memory Usage (1094936K) : TopMetal1  Area      = 2593098.60 µm²
2026-08-01 01:44:42 -0700: Memory Usage (1094936K) : TopMetal1  Density % = 45.02%  [Min = 25.00%,  Max = 70.00%]
2026-08-01 01:44:42 -0700: Memory Usage (1094936K) : 
2026-08-01 01:44:42 -0700: Memory Usage (1094936K) : TopMetal2  Area      = 2414639.91 µm²
2026-08-01 01:44:42 -0700: Memory Usage (1094936K) : TopMetal2  Density % = 41.92%  [Min = 25.00%,  Max = 70.00%]
2026-08-01 01:44:42 -0700: Memory Usage (1094936K) : 
2026-08-01 01:44:42 -0700: Memory Usage (1094936K) : LBE        Area      =  0.00 µm²
2026-08-01 01:44:42 -0700: Memory Usage (1094936K) : LBE        Density % =  0.00%  [Max = 70.00%]
2026-08-01 01:44:42 -0700: Memory Usage (1094936K) : 
2026-08-01 01:44:42 -0700: Memory Usage (1094936K) : KLayout DRC run for density table completed in 60.82 seconds
