# Logfile created on 2026-07-30 20:47:03 -0700 by logger.rb/v1.6.0
2026-07-30 20:47:03 -0700: Memory Usage (624412K) : Starting running IHP-SG13G2 Klayout DRC Density runset on 
2026-07-30 20:47:03 -0700: Memory Usage (624412K) : Ruby Version for klayout: 3.3.10
2026-07-30 20:47:03 -0700: Memory Usage (624412K) : Loading database to memory is complete.
2026-07-30 20:47:03 -0700: Memory Usage (624412K) : IHP-SG13G2 Klayout DRC Density runset output at: /scratch/funphin-openlane_svm/fill_work/tiny_density.lyrdb
2026-07-30 20:47:03 -0700: Memory Usage (624412K) : Evaluate switches.
2026-07-30 20:47:03 -0700: Memory Usage (624412K) : KLayout will use 8 thread(s) in tiling mode.
2026-07-30 20:47:03 -0700: Memory Usage (624412K) : Deep mode enabled: reading layers and preparing general derivations.
2026-07-30 20:47:03 -0700: Memory Usage (624412K) : PreCheck DRC enabled: false
2026-07-30 20:47:03 -0700: Memory Usage (624412K) : Read in polygons from layers.
2026-07-30 20:47:03 -0700: Memory Usage (656668K) : activ_drw has 986629 polygons
2026-07-30 20:47:03 -0700: Memory Usage (656668K) : activ_mask has 0 polygons
2026-07-30 20:47:03 -0700: Memory Usage (656668K) : activ_filler has 57621 polygons
2026-07-30 20:47:04 -0700: Memory Usage (656668K) : gatpoly_drw has 970501 polygons
2026-07-30 20:47:04 -0700: Memory Usage (656668K) : gatpoly_filler has 57621 polygons
2026-07-30 20:47:04 -0700: Memory Usage (664860K) : metal1_drw has 1925067 polygons
2026-07-30 20:47:04 -0700: Memory Usage (664860K) : metal1_filler has 142299 polygons
2026-07-30 20:47:05 -0700: Memory Usage (664860K) : metal1_slit has 0 polygons
2026-07-30 20:47:05 -0700: Memory Usage (672028K) : metal2_drw has 469315 polygons
2026-07-30 20:47:06 -0700: Memory Usage (672028K) : metal2_filler has 313979 polygons
2026-07-30 20:47:06 -0700: Memory Usage (672028K) : metal2_slit has 0 polygons
2026-07-30 20:47:06 -0700: Memory Usage (672028K) : metal3_drw has 241914 polygons
2026-07-30 20:47:06 -0700: Memory Usage (672028K) : metal3_filler has 425706 polygons
2026-07-30 20:47:06 -0700: Memory Usage (672028K) : metal3_slit has 0 polygons
2026-07-30 20:47:07 -0700: Memory Usage (672028K) : metal4_drw has 69158 polygons
2026-07-30 20:47:07 -0700: Memory Usage (672028K) : metal4_filler has 600539 polygons
2026-07-30 20:47:07 -0700: Memory Usage (672028K) : metal4_slit has 0 polygons
2026-07-30 20:47:07 -0700: Memory Usage (672028K) : metal5_drw has 35113 polygons
2026-07-30 20:47:07 -0700: Memory Usage (672028K) : metal5_filler has 618172 polygons
2026-07-30 20:47:07 -0700: Memory Usage (672028K) : metal5_slit has 0 polygons
2026-07-30 20:47:07 -0700: Memory Usage (672028K) : topmetal1_drw has 7645 polygons
2026-07-30 20:47:08 -0700: Memory Usage (672028K) : topmetal1_filler has 19564 polygons
2026-07-30 20:47:08 -0700: Memory Usage (672028K) : topmetal1_slit has 0 polygons
2026-07-30 20:47:08 -0700: Memory Usage (672028K) : topmetal2_drw has 3632 polygons
2026-07-30 20:47:08 -0700: Memory Usage (672028K) : topmetal2_filler has 18215 polygons
2026-07-30 20:47:08 -0700: Memory Usage (672028K) : topmetal2_slit has 0 polygons
2026-07-30 20:47:08 -0700: Memory Usage (672028K) : lbe_drw has 0 polygons
2026-07-30 20:47:08 -0700: Memory Usage (672028K) : Loaded TECH DRC rules values from /home/funphin/.ciel/ciel/ihp-sg13g2/versions/c4b8b4e5e7a05f375cca3815d51b3a37721fbf5c/ihp-sg13g2/libs.tech/klayout/python/sg13g2_pycell_lib/sg13g2_tech_mod.json
2026-07-30 20:47:08 -0700: Memory Usage (672028K) : Loaded default DRC rules values from /home/funphin/.ciel/ciel/ihp-sg13g2/versions/c4b8b4e5e7a05f375cca3815d51b3a37721fbf5c/ihp-sg13g2/libs.tech/klayout/tech/drc/rule_decks/sg13g2_tech_default.json
2026-07-30 20:47:08 -0700: Memory Usage (672028K) : The following rules values were missing in tech json and default values were used:
2026-07-30 20:47:08 -0700: Memory Usage (672028K) :   - Cnt_c_digibnd
2026-07-30 20:47:09 -0700: Memory Usage (667824K) : Total area of the design is 5760000.0 um^2.
2026-07-30 20:47:09 -0700: Memory Usage (667824K) : Starting density IHP-SG13G2 derivations.
2026-07-30 20:47:12 -0700: Memory Usage (700592K) : Starting IHP-SG13G2 DENSITY DRC rules.
2026-07-30 20:47:12 -0700: Memory Usage (700592K) : Tiling mode enabled: executing rules with chip tiling applied.
2026-07-30 20:47:12 -0700: Memory Usage (700592K) : Computing activ area and density...
2026-07-30 20:47:13 -0700: Memory Usage (842396K) : Executing rule AFil.g
2026-07-30 20:47:13 -0700: Memory Usage (842396K) : Executing rule AFil.g1
2026-07-30 20:47:13 -0700: Memory Usage (838300K) : Executing rule AFil.g2
2026-07-30 20:47:15 -0700: Memory Usage (1095552K) : Executing rule AFil.g3
2026-07-30 20:47:17 -0700: Memory Usage (1148892K) : Computing poly area and density...
2026-07-30 20:47:19 -0700: Memory Usage (1148892K) : Executing rule GFil.g
2026-07-30 20:47:19 -0700: Memory Usage (1148892K) : Computing metal1 area and density...
2026-07-30 20:47:21 -0700: Memory Usage (1288888K) : Executing rule M1.j
2026-07-30 20:47:21 -0700: Memory Usage (1283432K) : Executing rule M1.k
2026-07-30 20:47:21 -0700: Memory Usage (1281384K) : Computing metal2 area and density...
2026-07-30 20:47:22 -0700: Memory Usage (1176928K) : Computing metal3 area and density...
2026-07-30 20:47:22 -0700: Memory Usage (1176928K) : Computing metal4 area and density...
2026-07-30 20:47:23 -0700: Memory Usage (1176928K) : Computing metal5 area and density...
2026-07-30 20:47:23 -0700: Memory Usage (1176928K) : Executing rule M2.j
2026-07-30 20:47:23 -0700: Memory Usage (1176928K) : Executing rule M2.k
2026-07-30 20:47:23 -0700: Memory Usage (1176928K) : Executing rule M3.j
2026-07-30 20:47:23 -0700: Memory Usage (1176928K) : Executing rule M3.k
2026-07-30 20:47:23 -0700: Memory Usage (1176928K) : Executing rule M4.j
2026-07-30 20:47:23 -0700: Memory Usage (1176928K) : Executing rule M4.k
2026-07-30 20:47:23 -0700: Memory Usage (1176928K) : Executing rule M5.j
2026-07-30 20:47:23 -0700: Memory Usage (1176928K) : Executing rule M5.k
2026-07-30 20:47:23 -0700: Memory Usage (1176928K) : Executing rule M1Fil.h
2026-07-30 20:47:30 -0700: Memory Usage (1118140K) : Executing rule M1Fil.k
2026-07-30 20:47:38 -0700: Memory Usage (1182852K) : Executing rule M2Fil.h
2026-07-30 20:47:40 -0700: Memory Usage (1216960K) : Executing rule M2Fil.k
2026-07-30 20:47:43 -0700: Memory Usage (1239668K) : Executing rule M3Fil.h
2026-07-30 20:47:45 -0700: Memory Usage (1239668K) : Executing rule M3Fil.k
2026-07-30 20:47:46 -0700: Memory Usage (1239668K) : Executing rule M4Fil.h
2026-07-30 20:47:48 -0700: Memory Usage (1239668K) : Executing rule M4Fil.k
2026-07-30 20:47:50 -0700: Memory Usage (1239668K) : Executing rule M5Fil.h
2026-07-30 20:47:51 -0700: Memory Usage (1239668K) : Executing rule M5Fil.k
2026-07-30 20:47:53 -0700: Memory Usage (1174864K) : Computing TopMetal1 area and density...
2026-07-30 20:47:53 -0700: Memory Usage (1174864K) : Executing rule TM1.c
2026-07-30 20:47:53 -0700: Memory Usage (1174864K) : Executing rule TM1.d
2026-07-30 20:47:53 -0700: Memory Usage (1174864K) : Computing TopMetal2 area and density...
2026-07-30 20:47:53 -0700: Memory Usage (1174864K) : Executing rule TM2.c
2026-07-30 20:47:53 -0700: Memory Usage (1174864K) : Executing rule TM2.d
2026-07-30 20:47:53 -0700: Memory Usage (1174864K) : Computing LBE area and density...
2026-07-30 20:47:53 -0700: Memory Usage (1174864K) : Executing rule LBE.i
2026-07-30 20:47:53 -0700: Memory Usage (1174864K) : Executing rule Slt.i_M1
2026-07-30 20:48:01 -0700: Memory Usage (1022096K) : Executing rule Slt.i_M2
2026-07-30 20:48:02 -0700: Memory Usage (1089168K) : Executing rule Slt.i_M3
2026-07-30 20:48:03 -0700: Memory Usage (1089168K) : Executing rule Slt.i_M4
2026-07-30 20:48:03 -0700: Memory Usage (1089168K) : Executing rule Slt.i_M5
2026-07-30 20:48:04 -0700: Memory Usage (1089168K) : Executing rule Slt.i_TM1
2026-07-30 20:48:04 -0700: Memory Usage (1089168K) : Executing rule Slt.i_TM2
2026-07-30 20:48:04 -0700: Memory Usage (1089168K) : ##################################################
2026-07-30 20:48:04 -0700: Memory Usage (1089168K) :                  Density Report                 #
2026-07-30 20:48:04 -0700: Memory Usage (1089168K) : ##################################################
2026-07-30 20:48:04 -0700: Memory Usage (1089168K) : 
2026-07-30 20:48:04 -0700: Memory Usage (1089168K) : Layer areas and percentages (units: um^2)
2026-07-30 20:48:04 -0700: Memory Usage (1089168K) : --------------------------------------------------
2026-07-30 20:48:04 -0700: Memory Usage (1089168K) : 
2026-07-30 20:48:04 -0700: Memory Usage (1089168K) : Total Area     = 5760000.00 um^2
2026-07-30 20:48:04 -0700: Memory Usage (1089168K) : 
2026-07-30 20:48:04 -0700: Memory Usage (1089168K) : Activ      Area      = 2625838.07 µm²
2026-07-30 20:48:04 -0700: Memory Usage (1089168K) : Activ      Density % = 45.59%  [Min = 35.00%,  Max = 55.00%]
2026-07-30 20:48:04 -0700: Memory Usage (1089168K) : 
2026-07-30 20:48:04 -0700: Memory Usage (1089168K) : GatPoly    Area      = 1110351.09 µm²
2026-07-30 20:48:04 -0700: Memory Usage (1089168K) : GatPoly    Density % = 19.28%  [Min = 15.00%]
2026-07-30 20:48:04 -0700: Memory Usage (1089168K) : 
2026-07-30 20:48:04 -0700: Memory Usage (1089168K) : Metal1     Area      = 2779033.32 µm²
2026-07-30 20:48:04 -0700: Memory Usage (1089168K) : Metal1     Density % = 48.25%  [Min = 35.00%,  Max = 60.00%]
2026-07-30 20:48:04 -0700: Memory Usage (1089168K) : 
2026-07-30 20:48:04 -0700: Memory Usage (1089168K) : Metal2     Area      = 2057494.01 µm²
2026-07-30 20:48:04 -0700: Memory Usage (1089168K) : Metal2     Density % = 35.72%  [Min = 35.00%,  Max = 60.00%]
2026-07-30 20:48:04 -0700: Memory Usage (1089168K) : 
2026-07-30 20:48:04 -0700: Memory Usage (1089168K) : Metal3     Area      = 2625761.49 µm²
2026-07-30 20:48:04 -0700: Memory Usage (1089168K) : Metal3     Density % = 45.59%  [Min = 35.00%,  Max = 60.00%]
2026-07-30 20:48:04 -0700: Memory Usage (1089168K) : 
2026-07-30 20:48:04 -0700: Memory Usage (1089168K) : Metal4     Area      = 2679156.41 µm²
2026-07-30 20:48:04 -0700: Memory Usage (1089168K) : Metal4     Density % = 46.51%  [Min = 35.00%,  Max = 60.00%]
2026-07-30 20:48:04 -0700: Memory Usage (1089168K) : 
2026-07-30 20:48:04 -0700: Memory Usage (1089168K) : Metal5     Area      = 2783967.84 µm²
2026-07-30 20:48:04 -0700: Memory Usage (1089168K) : Metal5     Density % = 48.33%  [Min = 35.00%,  Max = 60.00%]
2026-07-30 20:48:04 -0700: Memory Usage (1089168K) : 
2026-07-30 20:48:04 -0700: Memory Usage (1089168K) : TopMetal1  Area      = 2593098.60 µm²
2026-07-30 20:48:04 -0700: Memory Usage (1089168K) : TopMetal1  Density % = 45.02%  [Min = 25.00%,  Max = 70.00%]
2026-07-30 20:48:04 -0700: Memory Usage (1089168K) : 
2026-07-30 20:48:04 -0700: Memory Usage (1089168K) : TopMetal2  Area      = 2414639.91 µm²
2026-07-30 20:48:04 -0700: Memory Usage (1089168K) : TopMetal2  Density % = 41.92%  [Min = 25.00%,  Max = 70.00%]
2026-07-30 20:48:04 -0700: Memory Usage (1089168K) : 
2026-07-30 20:48:04 -0700: Memory Usage (1089168K) : LBE        Area      =  0.00 µm²
2026-07-30 20:48:04 -0700: Memory Usage (1089168K) : LBE        Density % =  0.00%  [Max = 70.00%]
2026-07-30 20:48:04 -0700: Memory Usage (1089168K) : 
2026-07-30 20:48:04 -0700: Memory Usage (1089168K) : KLayout DRC run for density table completed in 61.27 seconds
